// Jest Snapshot v1, https://goo.gl/fbAQLP

exports[`avroToTypeScript it should generate an interface 1`] = `
"export interface StringDiscriminator {
	string: string;
}

export enum numberEnumType { ONE = 'ONE', TWO = 'TWO' };

export interface NumberEnumTypeDiscriminator {
	\\"numberEnumType\\": numberEnumType;
}

export interface DoubleDiscriminator {
	double: number;
}

export interface NumberEnumTypeMapDiscriminator {
	map: { [index:string]:numberEnumType };
}

export interface LongDiscriminator {
	long: number;
}

export interface AllocsType {
	allocAccount: null | StringDiscriminator;
	noNestedPartyIDs: null | LongDiscriminator;
	allocQty: null | DoubleDiscriminator;
}

export interface AllocsTypeArrayDiscriminator {
	array: AllocsType[];
}

export interface AllocsTypeDiscriminator {
	\\"AllocsType\\": AllocsType;
}

export interface ExampleType {
	unionEnum: null | StringDiscriminator | NumberEnumTypeDiscriminator;
	mandatoryString: string;
	adouble: null | DoubleDiscriminator;
	astring: null | StringDiscriminator;
	amap: null | StringDiscriminator | NumberEnumTypeMapDiscriminator;
	recordArray: null | AllocsTypeArrayDiscriminator;
	processCode: null | StringDiscriminator;
	named: null | AllocsTypeDiscriminator;
}
"
`;

exports[`avroToTypeScript it should support overriding logical types 1`] = `
"export interface logicalOverrides {
	eventDate: Date;
	startTime: Date;
	displayTime: string;
}
"
`;

exports[`enumToTypesScript it should generate an enum 1`] = `
"export enum CompanySize { SMALL = 'SMALL', MEDIUM = 'MEDIUM', LARGE = 'LARGE' };
"
`;
